Archive member included because of file (symbol)

c:/freescale/kds_1.1.1/toolchain/bin/../lib/gcc/arm-none-eabi/4.8.0\libgcc.a(_udivsi3.o)
                              ./Sources/main.o (__aeabi_uidiv)
c:/freescale/kds_1.1.1/toolchain/bin/../lib/gcc/arm-none-eabi/4.8.0\libgcc.a(_divsi3.o)
                              ./Sources/main.o (__aeabi_idiv)
c:/freescale/kds_1.1.1/toolchain/bin/../lib/gcc/arm-none-eabi/4.8.0\libgcc.a(_dvmd_tls.o)
                              c:/freescale/kds_1.1.1/toolchain/bin/../lib/gcc/arm-none-eabi/4.8.0\libgcc.a(_udivsi3.o) (__aeabi_idiv0)
c:/freescale/kds_1.1.1/toolchain/bin/../lib/gcc/arm-none-eabi/4.8.0/../../../../arm-none-eabi/lib\libg_s.a(lib_a-atexit.o)
                              c:/freescale/kds_1.1.1/toolchain/bin/../lib/gcc/arm-none-eabi/4.8.0/../../../../arm-none-eabi/lib/crt0.o (atexit)
c:/freescale/kds_1.1.1/toolchain/bin/../lib/gcc/arm-none-eabi/4.8.0/../../../../arm-none-eabi/lib\libg_s.a(lib_a-exit.o)
                              c:/freescale/kds_1.1.1/toolchain/bin/../lib/gcc/arm-none-eabi/4.8.0/../../../../arm-none-eabi/lib/crt0.o (exit)
c:/freescale/kds_1.1.1/toolchain/bin/../lib/gcc/arm-none-eabi/4.8.0/../../../../arm-none-eabi/lib\libg_s.a(lib_a-fini.o)
                              c:/freescale/kds_1.1.1/toolchain/bin/../lib/gcc/arm-none-eabi/4.8.0/../../../../arm-none-eabi/lib\libg_s.a(lib_a-exit.o) (__libc_fini_array)
c:/freescale/kds_1.1.1/toolchain/bin/../lib/gcc/arm-none-eabi/4.8.0/../../../../arm-none-eabi/lib\libg_s.a(lib_a-impure.o)
                              c:/freescale/kds_1.1.1/toolchain/bin/../lib/gcc/arm-none-eabi/4.8.0/../../../../arm-none-eabi/lib\libg_s.a(lib_a-exit.o) (_global_impure_ptr)
c:/freescale/kds_1.1.1/toolchain/bin/../lib/gcc/arm-none-eabi/4.8.0/../../../../arm-none-eabi/lib\libg_s.a(lib_a-memcpy.o)
                              ./Sources/main.o (memcpy)
c:/freescale/kds_1.1.1/toolchain/bin/../lib/gcc/arm-none-eabi/4.8.0/../../../../arm-none-eabi/lib\libg_s.a(lib_a-memset.o)
                              c:/freescale/kds_1.1.1/toolchain/bin/../lib/gcc/arm-none-eabi/4.8.0/../../../../arm-none-eabi/lib/crt0.o (memset)
c:/freescale/kds_1.1.1/toolchain/bin/../lib/gcc/arm-none-eabi/4.8.0/../../../../arm-none-eabi/lib\libg_s.a(lib_a-sprintf.o)
                              ./Sources/main.o (sprintf)
c:/freescale/kds_1.1.1/toolchain/bin/../lib/gcc/arm-none-eabi/4.8.0/../../../../arm-none-eabi/lib\libg_s.a(lib_a-svfprintf.o)
                              c:/freescale/kds_1.1.1/toolchain/bin/../lib/gcc/arm-none-eabi/4.8.0/../../../../arm-none-eabi/lib\libg_s.a(lib_a-sprintf.o) (_svfprintf_r)
c:/freescale/kds_1.1.1/toolchain/bin/../lib/gcc/arm-none-eabi/4.8.0/../../../../arm-none-eabi/lib\libg_s.a(lib_a-syscalls.o)
                              c:/freescale/kds_1.1.1/toolchain/bin/../lib/gcc/arm-none-eabi/4.8.0/../../../../arm-none-eabi/lib\libg_s.a(lib_a-exit.o) (_exit)
c:/freescale/kds_1.1.1/toolchain/bin/../lib/gcc/arm-none-eabi/4.8.0/../../../../arm-none-eabi/lib\libg_s.a(lib_a-vfprintf_i.o)
                              c:/freescale/kds_1.1.1/toolchain/bin/../lib/gcc/arm-none-eabi/4.8.0/../../../../arm-none-eabi/lib\libg_s.a(lib_a-svfprintf.o) (_printf_i)
c:/freescale/kds_1.1.1/toolchain/bin/../lib/gcc/arm-none-eabi/4.8.0/../../../../arm-none-eabi/lib\libg_s.a(lib_a-__atexit.o)
                              c:/freescale/kds_1.1.1/toolchain/bin/../lib/gcc/arm-none-eabi/4.8.0/../../../../arm-none-eabi/lib\libg_s.a(lib_a-atexit.o) (__do_register_exitproc)
c:/freescale/kds_1.1.1/toolchain/bin/../lib/gcc/arm-none-eabi/4.8.0/../../../../arm-none-eabi/lib\libg_s.a(lib_a-__call_atexit.o)
                              c:/freescale/kds_1.1.1/toolchain/bin/../lib/gcc/arm-none-eabi/4.8.0/../../../../arm-none-eabi/lib\libg_s.a(lib_a-__atexit.o) (__call_exitprocs)
c:/freescale/kds_1.1.1/toolchain/bin/../lib/gcc/arm-none-eabi/4.8.0/../../../../arm-none-eabi/lib\libg_s.a(lib_a-errno.o)
                              c:/freescale/kds_1.1.1/toolchain/bin/../lib/gcc/arm-none-eabi/4.8.0/../../../../arm-none-eabi/lib\libg_s.a(lib_a-syscalls.o) (__errno)
c:/freescale/kds_1.1.1/toolchain/bin/../lib/gcc/arm-none-eabi/4.8.0/../../../../arm-none-eabi/lib\libg_s.a(lib_a-freer.o)
                              c:/freescale/kds_1.1.1/toolchain/bin/../lib/gcc/arm-none-eabi/4.8.0/../../../../arm-none-eabi/lib\libg_s.a(lib_a-svfprintf.o) (_free_r)
c:/freescale/kds_1.1.1/toolchain/bin/../lib/gcc/arm-none-eabi/4.8.0/../../../../arm-none-eabi/lib\libg_s.a(lib_a-malloc.o)
                              c:/freescale/kds_1.1.1/toolchain/bin/../lib/gcc/arm-none-eabi/4.8.0/../../../../arm-none-eabi/lib\libg_s.a(lib_a-__atexit.o) (malloc)
c:/freescale/kds_1.1.1/toolchain/bin/../lib/gcc/arm-none-eabi/4.8.0/../../../../arm-none-eabi/lib\libg_s.a(lib_a-mallocr.o)
                              c:/freescale/kds_1.1.1/toolchain/bin/../lib/gcc/arm-none-eabi/4.8.0/../../../../arm-none-eabi/lib\libg_s.a(lib_a-svfprintf.o) (_malloc_r)
[...]
Memory Configuration

Name             Origin             Length             Attributes
m_interrupts     0x00000000         0x000000c0         xr
m_text           0x00000410         0x0001fbf0         xr
m_data           0x1ffff000         0x00004000         rw
m_cfmprotrom     0x00000400         0x00000010         xr
*default*        0x00000000         0xffffffff

Linker script and memory map

LOAD c:/freescale/kds_1.1.1/toolchain/bin/../lib/gcc/arm-none-eabi/4.8.0/crti.o
LOAD c:/freescale/kds_1.1.1/toolchain/bin/../lib/gcc/arm-none-eabi/4.8.0/crtbegin.o
LOAD c:/freescale/kds_1.1.1/toolchain/bin/../lib/gcc/arm-none-eabi/4.8.0/../../../../arm-none-eabi/lib/crt0.o
LOAD ./Sources/Events.o
LOAD ./Sources/main.o
LOAD ./Project_Settings/Startup_Code/startup.o
LOAD ./Generated_Code/AD1.o
LOAD ./Generated_Code/AS1.o
LOAD ./Generated_Code/ASerialLdd1.o
LOAD ./Generated_Code/AdcLdd1.o
LOAD ./Generated_Code/Bit1.o
LOAD ./Generated_Code/Bit2.o
LOAD ./Generated_Code/BitIoLdd1.o
LOAD ./Generated_Code/BitIoLdd2.o
LOAD ./Generated_Code/Cpu.o
LOAD ./Generated_Code/PE_LDD.o
LOAD ./Generated_Code/Vectors.o
LOAD ./Generated_Code/WAIT1.o
LOAD c:/freescale/kds_1.1.1/toolchain/bin/../lib/gcc/arm-none-eabi/4.8.0/../../../../arm-none-eabi/lib\libstdc++.a
LOAD c:/freescale/kds_1.1.1/toolchain/bin/../lib/gcc/arm-none-eabi/4.8.0/../../../../arm-none-eabi/lib\libm.a
START GROUP
LOAD c:/freescale/kds_1.1.1/toolchain/bin/../lib/gcc/arm-none-eabi/4.8.0\libgcc.a
LOAD c:/freescale/kds_1.1.1/toolchain/bin/../lib/gcc/arm-none-eabi/4.8.0/../../../../arm-none-eabi/lib\libg_s.a
LOAD c:/freescale/kds_1.1.1/toolchain/bin/../lib/gcc/arm-none-eabi/4.8.0/../../../../arm-none-eabi/lib\libc_s.a
END GROUP
LOAD c:/freescale/kds_1.1.1/toolchain/bin/../lib/gcc/arm-none-eabi/4.8.0/crtend.o
LOAD c:/freescale/kds_1.1.1/toolchain/bin/../lib/gcc/arm-none-eabi/4.8.0/crtn.o
                0x20003000                _estack = 0x20003000
                0x20003000                __SP_INIT = _estack
                0x00000000                __heap_size = 0x0
                0x00000400                __stack_size = 0x400

.interrupts     0x00000000       0xc0
                0x00000000                __vector_table = .
                0x00000000                . = ALIGN (0x4)
 *(.vectortable)
 .vectortable   0x00000000       0xc0 ./Generated_Code/Vectors.o
                0x00000000                __vect_table
                0x000000c0                . = ALIGN (0x4)

.cfmprotect     0x00000400       0x10
                0x00000400                . = ALIGN (0x4)
 *(.cfmconfig)
 .cfmconfig     0x00000400       0x10 ./Generated_Code/Cpu.o
                0x00000400                _cfm
                0x00000410                . = ALIGN (0x4)

.text           0x00000410     0x208c
                0x00000410                . = ALIGN (0x4)
 *(.text)
 .text          0x00000410       0x9c c:/freescale/kds_1.1.1/toolchain/bin/../lib/gcc/arm-none-eabi/4.8.0\libgcc.a(_udivsi3.o)
                0x00000410                __aeabi_uidiv
                0x00000410                __udivsi3
                0x00000498                __aeabi_uidivmod
 .text          0x000004ac       0xc0 c:/freescale/kds_1.1.1/toolchain/bin/../lib/gcc/arm-none-eabi/4.8.0\libgcc.a(_divsi3.o)
                0x000004ac                __divsi3
                0x000004ac                __aeabi_idiv
                0x00000558                __aeabi_idivmod
 .text          0x0000056c        0x4 c:/freescale/kds_1.1.1/toolchain/bin/../lib/gcc/arm-none-eabi/4.8.0\libgcc.a(_dvmd_tls.o)
                0x0000056c                __aeabi_idiv0
                0x0000056c                __aeabi_ldiv0
 *(.text*)
 .text.deregister_tm_clones
                0x00000570       0x24 c:/freescale/kds_1.1.1/toolchain/bin/../lib/gcc/arm-none-eabi/4.8.0/crtbegin.o
 .text.register_tm_clones
                0x00000594       0x28 c:/freescale/kds_1.1.1/toolchain/bin/../lib/gcc/arm-none-eabi/4.8.0/crtbegin.o
 .text.__do_global_dtors_aux
                0x000005bc       0x30 c:/freescale/kds_1.1.1/toolchain/bin/../lib/gcc/arm-none-eabi/4.8.0/crtbegin.o
 .text.frame_dummy
                0x000005ec       0x3c c:/freescale/kds_1.1.1/toolchain/bin/../lib/gcc/arm-none-eabi/4.8.0/crtbegin.o
 .text.Cpu_OnNMIINT
                0x00000628        0x8 ./Sources/Events.o
                0x00000628                Cpu_OnNMIINT
 .text.AS1_OnError
                0x00000630        0x8 ./Sources/Events.o
                0x00000630                AS1_OnError
 .text.AS1_OnRxChar
                0x00000638        0x8 ./Sources/Events.o
                0x00000638                AS1_OnRxChar
 .text.AS1_OnTxChar
                0x00000640        0x8 ./Sources/Events.o
                0x00000640                AS1_OnTxChar
 .text.AS1_OnFullRxBuf
                0x00000648        0x8 ./Sources/Events.o
                0x00000648                AS1_OnFullRxBuf
 .text.AS1_OnFreeTxBuf
                0x00000650        0x8 ./Sources/Events.o
                0x00000650                AS1_OnFreeTxBuf
 .text.Temp     0x00000658       0x7c ./Sources/main.o
                0x00000658                Temp
 .text.main     0x000006d4      0x110 ./Sources/main.o
                0x000006d4                main
 .text.__flush_cache
                0x000007e4       0x10 ./Project_Settings/Startup_Code/startup.o
                0x000007e4                __flush_cache
 .text.__copy_rom_section
                0x000007f4       0xd8 ./Project_Settings/Startup_Code/startup.o
                0x000007f4                __copy_rom_section
 .text.__copy_rom_sections_to_ram
                0x000008cc       0xc0 ./Project_Settings/Startup_Code/startup.o
                0x000008cc                __copy_rom_sections_to_ram
 .text.zero_fill_bss
                0x0000098c       0xac ./Project_Settings/Startup_Code/startup.o
 .text.__init_registers
                0x00000a38        0x8 ./Project_Settings/Startup_Code/startup.o
                0x00000a38                __init_registers
 .text.__init_user
                0x00000a40        0x8 ./Project_Settings/Startup_Code/startup.o
                0x00000a40                __init_user
 .text.__thumb_startup
                0x00000a48       0x48 ./Project_Settings/Startup_Code/startup.o
                0x00000a48                __thumb_startup
 .text.AD1_MainMeasure
                0x00000a90       0x98 ./Generated_Code/AD1.o
 .text.AD1_HWEnDi
                0x00000b28       0x38 ./Generated_Code/AD1.o
                0x00000b28                AD1_HWEnDi
 .text.PE_AD1_Measure
                0x00000b60       0x28 ./Generated_Code/AD1.o
                0x00000b60                PE_AD1_Measure
 .text.AD1_GetValue
                0x00000b88       0x34 ./Generated_Code/AD1.o
                0x00000b88                AD1_GetValue
 .text.AD1_Init
                0x00000bbc       0x2c ./Generated_Code/AD1.o
                0x00000bbc                AD1_Init
 .text.HWEnDi   0x00000be8       0x20 ./Generated_Code/AS1.o
 .text.AS1_RecvChar
                0x00000c08       0xe8 ./Generated_Code/AS1.o
                0x00000c08                AS1_RecvChar
 .text.AS1_SendBlock
                0x00000cf0      0x178 ./Generated_Code/AS1.o
                0x00000cf0                AS1_SendBlock
 .text.AS1_Init
                0x00000e68       0x64 ./Generated_Code/AS1.o
                0x00000e68                AS1_Init
 .text.ASerialLdd1_OnBlockReceived
                0x00000ecc       0xc0 ./Generated_Code/AS1.o
                0x00000ecc                ASerialLdd1_OnBlockReceived
 .text.ASerialLdd1_OnBlockSent
                0x00000f8c       0xe8 ./Generated_Code/AS1.o
                0x00000f8c                ASerialLdd1_OnBlockSent
 .text.ASerialLdd1_OnError
                0x00001074       0x94 ./Generated_Code/AS1.o
                0x00001074                ASerialLdd1_OnError
 .text.ASerialLdd1_OnBreak
                0x00001108       0x20 ./Generated_Code/AS1.o
                0x00001108                ASerialLdd1_OnBreak
 .text.ASerialLdd1_Init
                0x00001128      0x1bc ./Generated_Code/ASerialLdd1.o
                0x00001128                ASerialLdd1_Init
 .text.ASerialLdd1_ReceiveBlock
                0x000012e4       0x98 ./Generated_Code/ASerialLdd1.o
                0x000012e4                ASerialLdd1_ReceiveBlock
 .text.ASerialLdd1_SendBlock
                0x0000137c       0xc4 ./Generated_Code/ASerialLdd1.o
                0x0000137c                ASerialLdd1_SendBlock
 .text.InterruptRx
                0x00001440       0x58 ./Generated_Code/ASerialLdd1.o
 .text.InterruptTx
                0x00001498       0x80 ./Generated_Code/ASerialLdd1.o
 .text.ASerialLdd1_Interrupt
                0x00001518       0xec ./Generated_Code/ASerialLdd1.o
                0x00001518                ASerialLdd1_Interrupt
 .text.ASerialLdd1_GetError
                0x00001604       0x74 ./Generated_Code/ASerialLdd1.o
                0x00001604                ASerialLdd1_GetError
 .text.AdcLdd1_Init
                0x00001678       0x80 ./Generated_Code/AdcLdd1.o
                0x00001678                AdcLdd1_Init
 .text.AdcLdd1_StartSingleMeasurement
                0x000016f8       0x44 ./Generated_Code/AdcLdd1.o
                0x000016f8                AdcLdd1_StartSingleMeasurement
 .text.AdcLdd1_CreateSampleGroup
                0x0000173c       0x5c ./Generated_Code/AdcLdd1.o
                0x0000173c                AdcLdd1_CreateSampleGroup
 .text.AdcLdd1_GetMeasuredValues
                0x00001798       0x60 ./Generated_Code/AdcLdd1.o
                0x00001798                AdcLdd1_GetMeasuredValues
 .text.AdcLdd1_GetMeasurementCompleteStatus
                0x000017f8       0x30 ./Generated_Code/AdcLdd1.o
                0x000017f8                AdcLdd1_GetMeasurementCompleteStatus
 .text.BitIoLdd1_Init
                0x00001828       0x60 ./Generated_Code/BitIoLdd1.o
                0x00001828                BitIoLdd1_Init
 .text.BitIoLdd1_PutVal
                0x00001888       0x30 ./Generated_Code/BitIoLdd1.o
                0x00001888                BitIoLdd1_PutVal
 .text.BitIoLdd2_Init
                0x000018b8       0x60 ./Generated_Code/BitIoLdd2.o
                0x000018b8                BitIoLdd2_Init
 .text.BitIoLdd2_PutVal
                0x00001918       0x30 ./Generated_Code/BitIoLdd2.o
                0x00001918                BitIoLdd2_PutVal
 .text.Cpu_INT_NMIInterrupt
                0x00001948        0xc ./Generated_Code/Cpu.o
                0x00001948                Cpu_INT_NMIInterrupt
 .text.Cpu_Interrupt
                0x00001954        0xc ./Generated_Code/Cpu.o
                0x00001954                Cpu_Interrupt
 .text.__init_hardware
                0x00001960      0x154 ./Generated_Code/Cpu.o
                0x00001960                __init_hardware
 .text.PE_low_level_init
                0x00001ab4       0xdc ./Generated_Code/Cpu.o
                0x00001ab4                PE_low_level_init
 .text.WAIT1_Wait100Cycles
                0x00001b90       0x30 ./Generated_Code/WAIT1.o
                0x00001b90                WAIT1_Wait100Cycles
 .text.WAIT1_WaitCycles
                0x00001bc0       0x2c ./Generated_Code/WAIT1.o
                0x00001bc0                WAIT1_WaitCycles
 .text.WAIT1_Waitms
                0x00001bec       0x30 ./Generated_Code/WAIT1.o
                0x00001bec                WAIT1_Waitms
 .text.memcpy   0x00001c1c       0x12 c:/freescale/kds_1.1.1/toolchain/bin/../lib/gcc/arm-none-eabi/4.8.0/../../../../arm-none-eabi/lib\libg_s.a(lib_a-memcpy.o)
                0x00001c1c                memcpy
 *fill*         0x00001c2e        0x2 
 .text.sprintf  0x00001c30       0x44 c:/freescale/kds_1.1.1/toolchain/bin/../lib/gcc/arm-none-eabi/4.8.0/../../../../arm-none-eabi/lib\libg_s.a(lib_a-sprintf.o)
                0x00001c30                siprintf
                0x00001c30                sprintf
 .text.__ssputc_r
                0x00001c74       0xb0 c:/freescale/kds_1.1.1/toolchain/bin/../lib/gcc/arm-none-eabi/4.8.0/../../../../arm-none-eabi/lib\libg_s.a(lib_a-svfprintf.o)
                0x00001c74                __ssputc_r
 .text._svfprintf_r
                0x00001d24      0x1f8 c:/freescale/kds_1.1.1/toolchain/bin/../lib/gcc/arm-none-eabi/4.8.0/../../../../arm-none-eabi/lib\libg_s.a(lib_a-svfprintf.o)
                0x00001d24                _svfiprintf_r
                0x00001d24                _svfprintf_r
 .text._sbrk    0x00001f1c       0x38 c:/freescale/kds_1.1.1/toolchain/bin/../lib/gcc/arm-none-eabi/4.8.0/../../../../arm-none-eabi/lib\libg_s.a(lib_a-syscalls.o)
                0x00001f1c                _sbrk
 .text._printf_common
                0x00001f54       0xe0 c:/freescale/kds_1.1.1/toolchain/bin/../lib/gcc/arm-none-eabi/4.8.0/../../../../arm-none-eabi/lib\libg_s.a(lib_a-vfprintf_i.o)
                0x00001f54                _printf_common
 .text._printf_i
                0x00002034      0x230 c:/freescale/kds_1.1.1/toolchain/bin/../lib/gcc/arm-none-eabi/4.8.0/../../../../arm-none-eabi/lib\libg_s.a(lib_a-vfprintf_i.o)
                0x00002034                _printf_i
 .text.__errno  0x00002264        0xc c:/freescale/kds_1.1.1/toolchain/bin/../lib/gcc/arm-none-eabi/4.8.0/../../../../arm-none-eabi/lib\libg_s.a(lib_a-errno.o)
                0x00002264                __errno
 .text._free_r  0x00002270       0x90 c:/freescale/kds_1.1.1/toolchain/bin/../lib/gcc/arm-none-eabi/4.8.0/../../../../arm-none-eabi/lib\libg_s.a(lib_a-freer.o)
                0x00002270                _free_r
 .text._malloc_r
                0x00002300       0x98 c:/freescale/kds_1.1.1/toolchain/bin/../lib/gcc/arm-none-eabi/4.8.0/../../../../arm-none-eabi/lib\libg_s.a(lib_a-mallocr.o)
                0x00002300                _malloc_r
 .text.memchr   0x00002398       0x18 c:/freescale/kds_1.1.1/toolchain/bin/../lib/gcc/arm-none-eabi/4.8.0/../../../../arm-none-eabi/lib\libg_s.a(lib_a-memchr.o)
                0x00002398                memchr
 .text._realloc_r
                0x000023b0       0x4c c:/freescale/kds_1.1.1/toolchain/bin/../lib/gcc/arm-none-eabi/4.8.0/../../../../arm-none-eabi/lib\libg_s.a(lib_a-reallocr.o)
                0x000023b0                _realloc_r
 .text._sbrk_r  0x000023fc       0x24 c:/freescale/kds_1.1.1/toolchain/bin/../lib/gcc/arm-none-eabi/4.8.0/../../../../arm-none-eabi/lib\libg_s.a(lib_a-sbrkr.o)
                0x000023fc                _sbrk_r
 .text.strlen   0x00002420        0xe c:/freescale/kds_1.1.1/toolchain/bin/../lib/gcc/arm-none-eabi/4.8.0/../../../../arm-none-eabi/lib\libg_s.a(lib_a-strlen.o)
                0x00002420                strlen
 .text._malloc_usable_size_r
                0x0000242e       0x14 c:/freescale/kds_1.1.1/toolchain/bin/../lib/gcc/arm-none-eabi/4.8.0/../../../../arm-none-eabi/lib\libg_s.a(lib_a-msizer.o)
                0x0000242e                _malloc_usable_size_r
 *(.rodata)
 *fill*         0x00002442        0x2 
 .rodata        0x00002444        0x8 ./Sources/main.o
 *(.rodata*)
 .rodata.str1.1
                0x0000244c        0x2 c:/freescale/kds_1.1.1/toolchain/bin/../lib/gcc/arm-none-eabi/4.8.0/../../../../arm-none-eabi/lib\libg_s.a(lib_a-impure.o)
 .rodata.str1.1
                0x0000244e       0x11 c:/freescale/kds_1.1.1/toolchain/bin/../lib/gcc/arm-none-eabi/4.8.0/../../../../arm-none-eabi/lib\libg_s.a(lib_a-svfprintf.o)
 .rodata.str1.1
                0x0000245f       0x22 c:/freescale/kds_1.1.1/toolchain/bin/../lib/gcc/arm-none-eabi/4.8.0/../../../../arm-none-eabi/lib\libg_s.a(lib_a-vfprintf_i.o)
 *(.glue_7)
 .glue_7        0x00000000        0x0 linker stubs
 *(.glue_7t)
 .glue_7t       0x00000000        0x0 linker stubs
 *(.eh_frame)
 *fill*         0x00002481        0x3 
 .eh_frame      0x00002484        0x0 c:/freescale/kds_1.1.1/toolchain/bin/../lib/gcc/arm-none-eabi/4.8.0/crtbegin.o
 *(.init)
 .init          0x00002484        0x4 c:/freescale/kds_1.1.1/toolchain/bin/../lib/gcc/arm-none-eabi/4.8.0/crti.o
                0x00002484                _init
 .init          0x00002488        0x8 c:/freescale/kds_1.1.1/toolchain/bin/../lib/gcc/arm-none-eabi/4.8.0/crtn.o
 *(.fini)
 .fini          0x00002490        0x4 c:/freescale/kds_1.1.1/toolchain/bin/../lib/gcc/arm-none-eabi/4.8.0/crti.o
                0x00002490                _fini
 .fini          0x00002494        0x8 c:/freescale/kds_1.1.1/toolchain/bin/../lib/gcc/arm-none-eabi/4.8.0/crtn.o
                0x0000249c                . = ALIGN (0x4)
                0x0000249c                _etext = .

.vfp11_veneer   0x0000249c        0x0
 .vfp11_veneer  0x00000000        0x0 linker stubs

.v4_bx          0x0000249c        0x0
 .v4_bx         0x00000000        0x0 linker stubs

.iplt           0x0000249c        0x0
 .iplt          0x00000000        0x0 c:/freescale/kds_1.1.1/toolchain/bin/../lib/gcc/arm-none-eabi/4.8.0/crtbegin.o

.rel.dyn        0x0000249c        0x0
 .rel.iplt      0x00000000        0x0 c:/freescale/kds_1.1.1/toolchain/bin/../lib/gcc/arm-none-eabi/4.8.0/crtbegin.o

.ARM.extab
 *(.ARM.extab* .gnu.linkonce.armextab.*)

.ARM            0x0000249c        0x0
                0x0000249c                __exidx_start = .
 *(.ARM.exidx*)
                0x0000249c                __exidx_end = .

.ctors          0x0000249c        0x0
                0x0000249c                __CTOR_LIST__ = .
 *crtbegin.o(.ctors)
 *(EXCLUDE_FILE(*crtend.o) .ctors)
 *(SORT(.ctors.*))
 *(.ctors)
                0x0000249c                __CTOR_END__ = .

.dtors          0x0000249c        0x0
                0x0000249c                __DTOR_LIST__ = .
 *crtbegin.o(.dtors)
 *(EXCLUDE_FILE(*crtend.o) .dtors)
 *(SORT(.dtors.*))
 *(.dtors)
                0x0000249c                __DTOR_END__ = .

.preinit_array  0x0000249c        0x0
                0x0000249c                PROVIDE (__preinit_array_start, .)
 *(.preinit_array*)
                0x0000249c                PROVIDE (__preinit_array_end, .)

.init_array     0x0000249c        0x4
                0x0000249c                PROVIDE (__init_array_start, .)
 *(SORT(.init_array.*))
 *(.init_array*)
 .init_array    0x0000249c        0x4 c:/freescale/kds_1.1.1/toolchain/bin/../lib/gcc/arm-none-eabi/4.8.0/crtbegin.o
                0x000024a0                PROVIDE (__init_array_end, .)

.fini_array     0x000024a0        0x4
                0x000024a0                PROVIDE (__fini_array_start, .)
 *(SORT(.fini_array.*))
 *(.fini_array*)
 .fini_array    0x000024a0        0x4 c:/freescale/kds_1.1.1/toolchain/bin/../lib/gcc/arm-none-eabi/4.8.0/crtbegin.o
                0x000024a4                PROVIDE (__fini_array_end, .)
                0x000024a4                ___ROM_AT = .

.mtb            0x1ffff000        0x0
                0x1ffff000                . = ALIGN (0x8)
                0x1ffff000                _mtb_start = .
 *(.mtb_buf)
                0x1ffff000                . = ALIGN (0x8)
                0x1ffff000                _mtb_end = .

.data           0x1ffff000      0x29c load address 0x000024a4
                0x1ffff000                . = ALIGN (0x4)
                0x1ffff000                _sdata = .
 *(.data)
 *(.data*)
 .data.impure_data
                0x1ffff000      0x298 c:/freescale/kds_1.1.1/toolchain/bin/../lib/gcc/arm-none-eabi/4.8.0/../../../../arm-none-eabi/lib\libg_s.a(lib_a-impure.o)
 .data._impure_ptr
                0x1ffff298        0x4 c:/freescale/kds_1.1.1/toolchain/bin/../lib/gcc/arm-none-eabi/4.8.0/../../../../arm-none-eabi/lib\libg_s.a(lib_a-impure.o)
                0x1ffff298                _impure_ptr
                0x1ffff29c                . = ALIGN (0x4)
                0x1ffff29c                _edata = .
                0x0000029c                ___data_size = (_edata - _sdata)

.jcr            0x1ffff29c        0x0 load address 0x00002740
 .jcr           0x1ffff29c        0x0 c:/freescale/kds_1.1.1/toolchain/bin/../lib/gcc/arm-none-eabi/4.8.0/crtbegin.o

.tm_clone_table
                0x1ffff29c        0x0 load address 0x00002740
 .tm_clone_table
                0x1ffff29c        0x0 c:/freescale/kds_1.1.1/toolchain/bin/../lib/gcc/arm-none-eabi/4.8.0/crtbegin.o
 .tm_clone_table
                0x1ffff29c        0x0 c:/freescale/kds_1.1.1/toolchain/bin/../lib/gcc/arm-none-eabi/4.8.0/crtend.o

.igot.plt       0x1ffff29c        0x0 load address 0x00002740
 .igot.plt      0x00000000        0x0 c:/freescale/kds_1.1.1/toolchain/bin/../lib/gcc/arm-none-eabi/4.8.0/crtbegin.o
                0x1ffff29c                . = ALIGN (0x4)

.bss            0x1ffff29c       0xf0 load address 0x00002740
                0x1ffff29c                __START_BSS = .
                0x1ffff29c                PROVIDE (__bss_start__, __START_BSS)
 *(.bss)
 *(.bss*)
 .bss.completed.6137
                0x1ffff29c        0x1 c:/freescale/kds_1.1.1/toolchain/bin/../lib/gcc/arm-none-eabi/4.8.0/crtbegin.o
 *fill*         0x1ffff29d        0x3 
 .bss.object.6142
                0x1ffff2a0       0x18 c:/freescale/kds_1.1.1/toolchain/bin/../lib/gcc/arm-none-eabi/4.8.0/crtbegin.o
 .bss.argv      0x1ffff2b8       0x28 ./Project_Settings/Startup_Code/startup.o
 .bss.ModeFlg   0x1ffff2e0        0x1 ./Generated_Code/AD1.o
 *fill*         0x1ffff2e1        0x3 
 .bss.SampleGroup
                0x1ffff2e4        0x4 ./Generated_Code/AD1.o
 .bss.OutFlg    0x1ffff2e8        0x1 ./Generated_Code/AD1.o
 *fill*         0x1ffff2e9        0x1 
 .bss.SerFlag   0x1ffff2ea        0x2 ./Generated_Code/AS1.o
 .bss.AS1_InpLen
                0x1ffff2ec        0x2 ./Generated_Code/AS1.o
 .bss.InpIndexR
                0x1ffff2ee        0x2 ./Generated_Code/AS1.o
 .bss.InpIndexW
                0x1ffff2f0        0x2 ./Generated_Code/AS1.o
 *fill*         0x1ffff2f2        0x2 
 .bss.InpBuffer
                0x1ffff2f4       0x14 ./Generated_Code/AS1.o
 .bss.BufferRead
                0x1ffff308        0x1 ./Generated_Code/AS1.o
 *fill*         0x1ffff309        0x1 
 .bss.AS1_OutLen
                0x1ffff30a        0x2 ./Generated_Code/AS1.o
 .bss.OutIndexR
                0x1ffff30c        0x2 ./Generated_Code/AS1.o
 .bss.OutIndexW
                0x1ffff30e        0x2 ./Generated_Code/AS1.o
 .bss.OutBuffer
                0x1ffff310       0x14 ./Generated_Code/AS1.o
 .bss.OnFreeTxBufSemaphore
                0x1ffff324        0x1 ./Generated_Code/AS1.o
 *fill*         0x1ffff325        0x3 
 .bss.DeviceDataPrv__DEFAULT_RTOS_ALLOC
                0x1ffff328       0x20 ./Generated_Code/ASerialLdd1.o
 .bss.INT_UART0__DEFAULT_RTOS_ISRPARAM
                0x1ffff348        0x4 ./Generated_Code/ASerialLdd1.o
 .bss.DeviceDataPrv__DEFAULT_RTOS_ALLOC
                0x1ffff34c        0x8 ./Generated_Code/AdcLdd1.o
 .bss.DeviceDataPrv__DEFAULT_RTOS_ALLOC
                0x1ffff354        0x4 ./Generated_Code/BitIoLdd1.o
 .bss.DeviceDataPrv__DEFAULT_RTOS_ALLOC
                0x1ffff358        0x4 ./Generated_Code/BitIoLdd2.o
 .bss.SR_lock   0x1ffff35c        0x1 ./Generated_Code/Cpu.o
                0x1ffff35c                SR_lock
 *fill*         0x1ffff35d        0x3 
 .bss.PE_LDD_DeviceDataList
                0x1ffff360       0x10 ./Generated_Code/PE_LDD.o
                0x1ffff360                PE_LDD_DeviceDataList
 .bss.heap_end.5175
                0x1ffff370        0x4 c:/freescale/kds_1.1.1/toolchain/bin/../lib/gcc/arm-none-eabi/4.8.0/../../../../arm-none-eabi/lib\libg_s.a(lib_a-syscalls.o)
 .bss.__malloc_free_list
                0x1ffff374        0x4 c:/freescale/kds_1.1.1/toolchain/bin/../lib/gcc/arm-none-eabi/4.8.0/../../../../arm-none-eabi/lib\libg_s.a(lib_a-mallocr.o)
                0x1ffff374                __malloc_free_list
 *(COMMON)
 COMMON         0x1ffff378        0x8 ./Generated_Code/AD1.o
                0x1ffff378                AD1_OutV
                0x1ffff37c                AdcLdd1_DeviceDataPtr
 COMMON         0x1ffff380        0x4 ./Generated_Code/AS1.o
                0x1ffff380                ASerialLdd1_DeviceDataPtr
 COMMON         0x1ffff384        0x1 ./Generated_Code/Cpu.o
                0x1ffff384                SR_reg
 *fill*         0x1ffff385        0x3 
 COMMON         0x1ffff388        0x4 c:/freescale/kds_1.1.1/toolchain/bin/../lib/gcc/arm-none-eabi/4.8.0/../../../../arm-none-eabi/lib\libg_s.a(lib_a-reent.o)
                0x1ffff388                errno
                0x1ffff38c                . = ALIGN (0x4)
                0x1ffff38c                __END_BSS = .
                0x1ffff38c                PROVIDE (__bss_end__, __END_BSS)
                0x00002740                _romp_at = (___ROM_AT + SIZEOF (.data))

.romp           0x1ffff38c       0x18 load address 0x00002740
                0x00002740                __S_romp = _romp_at
                0x1ffff38c        0x4 LONG 0x24a4 ___ROM_AT
                0x1ffff390        0x4 LONG 0x1ffff000 _sdata
                0x1ffff394        0x4 LONG 0x29c ___data_size
                0x1ffff398        0x4 LONG 0x0
                0x1ffff39c        0x4 LONG 0x0
                0x1ffff3a0        0x4 LONG 0x0

._user_heap_stack
                0x1ffff3a4      0x400 load address 0x00002758
                0x1ffff3a4                . = ALIGN (0x4)
                0x1ffff3a4                PROVIDE (end, .)
                0x1ffff3a4                PROVIDE (_end, .)
                0x1ffff3a4                __heap_addr = .
                0x1ffff3a4                __HeapBase = .
                0x1ffff3a4                . = (. + __heap_size)
                0x1ffff3a4                __HeapLimit = .
                0x1ffff7a4                . = (. + __stack_size)
 *fill*         0x1ffff3a4      0x400 
                0x1ffff7a4                . = ALIGN (0x4)

.ARM.attributes
                0x00000000       0x2f
 *(.ARM.attributes)
 .ARM.attributes
                0x00000000       0x23 c:/freescale/kds_1.1.1/toolchain/bin/../lib/gcc/arm-none-eabi/4.8.0/crti.o
 .ARM.attributes
                0x00000023       0x31 c:/freescale/kds_1.1.1/toolchain/bin/../lib/gcc/arm-none-eabi/4.8.0/crtbegin.o
 .ARM.attributes
                0x00000054       0x32 ./Sources/Events.o
 .ARM.attributes
                0x00000086       0x32 ./Sources/main.o
 .ARM.attributes
                0x000000b8       0x32 ./Project_Settings/Startup_Code/startup.o
 .ARM.attributes
                0x000000ea       0x32 ./Generated_Code/AD1.o
 .ARM.attributes
                0x0000011c       0x32 ./Generated_Code/AS1.o
 .ARM.attributes
                0x0000014e       0x32 ./Generated_Code/ASerialLdd1.o
 .ARM.attributes
                0x00000180       0x32 ./Generated_Code/AdcLdd1.o
 .ARM.attributes
                0x000001b2       0x32 ./Generated_Code/BitIoLdd1.o
 .ARM.attributes
                0x000001e4       0x32 ./Generated_Code/BitIoLdd2.o
 .ARM.attributes
                0x00000216       0x32 ./Generated_Code/Cpu.o
 .ARM.attributes
                0x00000248       0x32 ./Generated_Code/PE_LDD.o
 .ARM.attributes
                0x0000027a       0x32 ./Generated_Code/Vectors.o
 .ARM.attributes
                0x000002ac       0x32 ./Generated_Code/WAIT1.o
 .ARM.attributes
                0x000002de       0x23 c:/freescale/kds_1.1.1/toolchain/bin/../lib/gcc/arm-none-eabi/4.8.0\libgcc.a(_udivsi3.o)
 .ARM.attributes
                0x00000301       0x23 c:/freescale/kds_1.1.1/toolchain/bin/../lib/gcc/arm-none-eabi/4.8.0\libgcc.a(_divsi3.o)
 .ARM.attributes
                0x00000324       0x23 c:/freescale/kds_1.1.1/toolchain/bin/../lib/gcc/arm-none-eabi/4.8.0\libgcc.a(_dvmd_tls.o)
 .ARM.attributes
                0x00000347       0x31 c:/freescale/kds_1.1.1/toolchain/bin/../lib/gcc/arm-none-eabi/4.8.0/../../../../arm-none-eabi/lib\libg_s.a(lib_a-impure.o)
 .ARM.attributes
                0x00000378       0x31 c:/freescale/kds_1.1.1/toolchain/bin/../lib/gcc/arm-none-eabi/4.8.0/../../../../arm-none-eabi/lib\libg_s.a(lib_a-memcpy.o)
 .ARM.attributes
                0x000003a9       0x31 c:/freescale/kds_1.1.1/toolchain/bin/../lib/gcc/arm-none-eabi/4.8.0/../../../../arm-none-eabi/lib\libg_s.a(lib_a-sprintf.o)
 .ARM.attributes
                0x000003da       0x31 c:/freescale/kds_1.1.1/toolchain/bin/../lib/gcc/arm-none-eabi/4.8.0/../../../../arm-none-eabi/lib\libg_s.a(lib_a-svfprintf.o)
 .ARM.attributes
                0x0000040b       0x31 c:/freescale/kds_1.1.1/toolchain/bin/../lib/gcc/arm-none-eabi/4.8.0/../../../../arm-none-eabi/lib\libg_s.a(lib_a-syscalls.o)
 .ARM.attributes
                0x0000043c       0x31 c:/freescale/kds_1.1.1/toolchain/bin/../lib/gcc/arm-none-eabi/4.8.0/../../../../arm-none-eabi/lib\libg_s.a(lib_a-vfprintf_i.o)
 .ARM.attributes
                0x0000046d       0x31 c:/freescale/kds_1.1.1/toolchain/bin/../lib/gcc/arm-none-eabi/4.8.0/../../../../arm-none-eabi/lib\libg_s.a(lib_a-errno.o)
 .ARM.attributes
                0x0000049e       0x31 c:/freescale/kds_1.1.1/toolchain/bin/../lib/gcc/arm-none-eabi/4.8.0/../../../../arm-none-eabi/lib\libg_s.a(lib_a-freer.o)
 .ARM.attributes
                0x000004cf       0x31 c:/freescale/kds_1.1.1/toolchain/bin/../lib/gcc/arm-none-eabi/4.8.0/../../../../arm-none-eabi/lib\libg_s.a(lib_a-mallocr.o)
 .ARM.attributes
                0x00000500       0x31 c:/freescale/kds_1.1.1/toolchain/bin/../lib/gcc/arm-none-eabi/4.8.0/../../../../arm-none-eabi/lib\libg_s.a(lib_a-memchr.o)
 .ARM.attributes
                0x00000531       0x31 c:/freescale/kds_1.1.1/toolchain/bin/../lib/gcc/arm-none-eabi/4.8.0/../../../../arm-none-eabi/lib\libg_s.a(lib_a-reallocr.o)
 .ARM.attributes
                0x00000562       0x31 c:/freescale/kds_1.1.1/toolchain/bin/../lib/gcc/arm-none-eabi/4.8.0/../../../../arm-none-eabi/lib\libg_s.a(lib_a-sbrkr.o)
 .ARM.attributes
                0x00000593       0x31 c:/freescale/kds_1.1.1/toolchain/bin/../lib/gcc/arm-none-eabi/4.8.0/../../../../arm-none-eabi/lib\libg_s.a(lib_a-strlen.o)
 .ARM.attributes
                0x000005c4       0x31 c:/freescale/kds_1.1.1/toolchain/bin/../lib/gcc/arm-none-eabi/4.8.0/../../../../arm-none-eabi/lib\libg_s.a(lib_a-msizer.o)
 .ARM.attributes
                0x000005f5       0x31 c:/freescale/kds_1.1.1/toolchain/bin/../lib/gcc/arm-none-eabi/4.8.0/../../../../arm-none-eabi/lib\libg_s.a(lib_a-reent.o)
 .ARM.attributes
                0x00000626       0x31 c:/freescale/kds_1.1.1/toolchain/bin/../lib/gcc/arm-none-eabi/4.8.0/crtend.o
 .ARM.attributes
                0x00000657       0x23 c:/freescale/kds_1.1.1/toolchain/bin/../lib/gcc/arm-none-eabi/4.8.0/crtn.o
OUTPUT(TempSensor_v0.4.elf elf32-littlearm)

.comment        0x00000000       0x2a
 .comment       0x00000000       0x2a c:/freescale/kds_1.1.1/toolchain/bin/../lib/gcc/arm-none-eabi/4.8.0/crtbegin.o
                                 0x2b (size before relaxing)
 .comment       0x00000000       0x2b ./Sources/Events.o
 .comment       0x00000000       0x2b ./Sources/main.o
 .comment       0x00000000       0x2b ./Project_Settings/Startup_Code/startup.o
 .comment       0x00000000       0x2b ./Generated_Code/AD1.o
 .comment       0x00000000       0x2b ./Generated_Code/AS1.o
 .comment       0x00000000       0x2b ./Generated_Code/ASerialLdd1.o
 .comment       0x00000000       0x2b ./Generated_Code/AdcLdd1.o
 .comment       0x00000000       0x2b ./Generated_Code/BitIoLdd1.o
 .comment       0x00000000       0x2b ./Generated_Code/BitIoLdd2.o
 .comment       0x00000000       0x2b ./Generated_Code/Cpu.o
 .comment       0x00000000       0x2b ./Generated_Code/PE_LDD.o
 .comment       0x00000000       0x2b ./Generated_Code/Vectors.o
 .comment       0x00000000       0x2b ./Generated_Code/WAIT1.o
 .comment       0x00000000       0x2b c:/freescale/kds_1.1.1/toolchain/bin/../lib/gcc/arm-none-eabi/4.8.0/../../../../arm-none-eabi/lib\libg_s.a(lib_a-impure.o)
 .comment       0x00000000       0x2b c:/freescale/kds_1.1.1/toolchain/bin/../lib/gcc/arm-none-eabi/4.8.0/../../../../arm-none-eabi/lib\libg_s.a(lib_a-memcpy.o)
 .comment       0x00000000       0x2b c:/freescale/kds_1.1.1/toolchain/bin/../lib/gcc/arm-none-eabi/4.8.0/../../../../arm-none-eabi/lib\libg_s.a(lib_a-sprintf.o)
 .comment       0x00000000       0x2b c:/freescale/kds_1.1.1/toolchain/bin/../lib/gcc/arm-none-eabi/4.8.0/../../../../arm-none-eabi/lib\libg_s.a(lib_a-svfprintf.o)
 .comment       0x00000000       0x2b c:/freescale/kds_1.1.1/toolchain/bin/../lib/gcc/arm-none-eabi/4.8.0/../../../../arm-none-eabi/lib\libg_s.a(lib_a-syscalls.o)
 .comment       0x00000000       0x2b c:/freescale/kds_1.1.1/toolchain/bin/../lib/gcc/arm-none-eabi/4.8.0/../../../../arm-none-eabi/lib\libg_s.a(lib_a-vfprintf_i.o)
 .comment       0x00000000       0x2b c:/freescale/kds_1.1.1/toolchain/bin/../lib/gcc/arm-none-eabi/4.8.0/../../../../arm-none-eabi/lib\libg_s.a(lib_a-errno.o)
 .comment       0x00000000       0x2b c:/freescale/kds_1.1.1/toolchain/bin/../lib/gcc/arm-none-eabi/4.8.0/../../../../arm-none-eabi/lib\libg_s.a(lib_a-freer.o)
 .comment       0x00000000       0x2b c:/freescale/kds_1.1.1/toolchain/bin/../lib/gcc/arm-none-eabi/4.8.0/../../../../arm-none-eabi/lib\libg_s.a(lib_a-mallocr.o)
 .comment       0x00000000       0x2b c:/freescale/kds_1.1.1/toolchain/bin/../lib/gcc/arm-none-eabi/4.8.0/../../../../arm-none-eabi/lib\libg_s.a(lib_a-memchr.o)
 .comment       0x00000000       0x2b c:/freescale/kds_1.1.1/toolchain/bin/../lib/gcc/arm-none-eabi/4.8.0/../../../../arm-none-eabi/lib\libg_s.a(lib_a-reallocr.o)
 .comment       0x00000000       0x2b c:/freescale/kds_1.1.1/toolchain/bin/../lib/gcc/arm-none-eabi/4.8.0/../../../../arm-none-eabi/lib\libg_s.a(lib_a-sbrkr.o)
 .comment       0x00000000       0x2b c:/freescale/kds_1.1.1/toolchain/bin/../lib/gcc/arm-none-eabi/4.8.0/../../../../arm-none-eabi/lib\libg_s.a(lib_a-strlen.o)
 .comment       0x00000000       0x2b c:/freescale/kds_1.1.1/toolchain/bin/../lib/gcc/arm-none-eabi/4.8.0/../../../../arm-none-eabi/lib\libg_s.a(lib_a-msizer.o)
 .comment       0x00000000       0x2b c:/freescale/kds_1.1.1/toolchain/bin/../lib/gcc/arm-none-eabi/4.8.0/../../../../arm-none-eabi/lib\libg_s.a(lib_a-reent.o)
 .comment       0x00000000       0x2b c:/freescale/kds_1.1.1/toolchain/bin/../lib/gcc/arm-none-eabi/4.8.0/crtend.o

.debug_info     0x00000000     0x3078
 .debug_info    0x00000000       0xeb ./Sources/Events.o
 .debug_info    0x000000eb      0x27f ./Sources/main.o
 .debug_info    0x0000036a      0x308 ./Project_Settings/Startup_Code/startup.o
 .debug_info    0x00000672      0x257 ./Generated_Code/AD1.o
 .debug_info    0x000008c9      0x502 ./Generated_Code/AS1.o
 .debug_info    0x00000dcb      0x7ff ./Generated_Code/ASerialLdd1.o
 .debug_info    0x000015ca      0x760 ./Generated_Code/AdcLdd1.o
 .debug_info    0x00001d2a      0x36a ./Generated_Code/BitIoLdd1.o
 .debug_info    0x00002094      0x36a ./Generated_Code/BitIoLdd2.o
 .debug_info    0x000023fe      0x826 ./Generated_Code/Cpu.o
 .debug_info    0x00002c24      0x23b ./Generated_Code/PE_LDD.o
 .debug_info    0x00002e5f      0x103 ./Generated_Code/Vectors.o
 .debug_info    0x00002f62      0x116 ./Generated_Code/WAIT1.o

.debug_abbrev   0x00000000      0xff8
 .debug_abbrev  0x00000000       0x45 ./Sources/Events.o
 .debug_abbrev  0x00000045      0x165 ./Sources/main.o
 .debug_abbrev  0x000001aa      0x148 ./Project_Settings/Startup_Code/startup.o
 .debug_abbrev  0x000002f2      0x189 ./Generated_Code/AD1.o
 .debug_abbrev  0x0000047b      0x1d6 ./Generated_Code/AS1.o
 .debug_abbrev  0x00000651      0x1b8 ./Generated_Code/ASerialLdd1.o
 .debug_abbrev  0x00000809      0x1a0 ./Generated_Code/AdcLdd1.o
 .debug_abbrev  0x000009a9      0x136 ./Generated_Code/BitIoLdd1.o
 .debug_abbrev  0x00000adf      0x136 ./Generated_Code/BitIoLdd2.o
 .debug_abbrev  0x00000c15      0x160 ./Generated_Code/Cpu.o
 .debug_abbrev  0x00000d75      0x10d ./Generated_Code/PE_LDD.o
 .debug_abbrev  0x00000e82       0xa4 ./Generated_Code/Vectors.o
 .debug_abbrev  0x00000f26       0xd2 ./Generated_Code/WAIT1.o

.debug_aranges  0x00000000      0x388
 .debug_aranges
                0x00000000       0x48 ./Sources/Events.o
 .debug_aranges
                0x00000048       0x28 ./Sources/main.o
 .debug_aranges
                0x00000070       0x60 ./Project_Settings/Startup_Code/startup.o
 .debug_aranges
                0x000000d0       0x50 ./Generated_Code/AD1.o
 .debug_aranges
                0x00000120       0x88 ./Generated_Code/AS1.o
 .debug_aranges
                0x000001a8       0x50 ./Generated_Code/ASerialLdd1.o
 .debug_aranges
                0x000001f8       0x58 ./Generated_Code/AdcLdd1.o
 .debug_aranges
                0x00000250       0x40 ./Generated_Code/BitIoLdd1.o
 .debug_aranges
                0x00000290       0x40 ./Generated_Code/BitIoLdd2.o
 .debug_aranges
                0x000002d0       0x38 ./Generated_Code/Cpu.o
 .debug_aranges
                0x00000308       0x30 ./Generated_Code/PE_LDD.o
 .debug_aranges
                0x00000338       0x18 ./Generated_Code/Vectors.o
 .debug_aranges
                0x00000350       0x38 ./Generated_Code/WAIT1.o

.debug_ranges   0x00000000      0x2b0
 .debug_ranges  0x00000000       0x38 ./Sources/Events.o
 .debug_ranges  0x00000038       0x18 ./Sources/main.o
 .debug_ranges  0x00000050       0x50 ./Project_Settings/Startup_Code/startup.o
 .debug_ranges  0x000000a0       0x40 ./Generated_Code/AD1.o
 .debug_ranges  0x000000e0       0x78 ./Generated_Code/AS1.o
 .debug_ranges  0x00000158       0x40 ./Generated_Code/ASerialLdd1.o
 .debug_ranges  0x00000198       0x48 ./Generated_Code/AdcLdd1.o
 .debug_ranges  0x000001e0       0x30 ./Generated_Code/BitIoLdd1.o
 .debug_ranges  0x00000210       0x30 ./Generated_Code/BitIoLdd2.o
 .debug_ranges  0x00000240       0x28 ./Generated_Code/Cpu.o
 .debug_ranges  0x00000268       0x20 ./Generated_Code/PE_LDD.o
 .debug_ranges  0x00000288       0x28 ./Generated_Code/WAIT1.o

.debug_macro    0x00000000     0xab46
 .debug_macro   0x00000000      0x12d ./Sources/Events.o
 .debug_macro   0x0000012d      0x808 ./Sources/Events.o
 .debug_macro   0x00000935      0x214 ./Sources/Events.o
 .debug_macro   0x00000b49     0x15a0 ./Sources/Events.o
 .debug_macro   0x000020e9      0x14e ./Sources/Events.o
 .debug_macro   0x00002237       0x64 ./Sources/Events.o
 .debug_macro   0x0000229b     0x621c ./Sources/Events.o
 .debug_macro   0x000084b7       0x9a ./Sources/Events.o
 .debug_macro   0x00008551       0x94 ./Sources/Events.o
 .debug_macro   0x000085e5      0x616 ./Sources/Events.o
 .debug_macro   0x00008bfb       0x74 ./Sources/Events.o
 .debug_macro   0x00008c6f       0x1e ./Sources/Events.o
 .debug_macro   0x00008c8d       0x65 ./Sources/Events.o
 .debug_macro   0x00008cf2       0x1f ./Sources/Events.o
 .debug_macro   0x00008d11      0x131 ./Sources/Events.o
 .debug_macro   0x00008e42       0x40 ./Sources/Events.o
 .debug_macro   0x00008e82       0x20 ./Sources/Events.o
 .debug_macro   0x00008ea2       0x46 ./Sources/Events.o
 .debug_macro   0x00008ee8       0x20 ./Sources/Events.o
 .debug_macro   0x00008f08       0x36 ./Sources/Events.o
 .debug_macro   0x00008f3e      0x12d ./Sources/main.o
 .debug_macro   0x0000906b       0xf6 ./Project_Settings/Startup_Code/startup.o
 .debug_macro   0x00009161       0x2e ./Project_Settings/Startup_Code/startup.o
 .debug_macro   0x0000918f       0x2e ./Project_Settings/Startup_Code/startup.o
 .debug_macro   0x000091bd       0x95 ./Project_Settings/Startup_Code/startup.o
 .debug_macro   0x00009252       0x3a ./Project_Settings/Startup_Code/startup.o
 .debug_macro   0x0000928c       0x52 ./Project_Settings/Startup_Code/startup.o
 .debug_macro   0x000092de       0x19 ./Project_Settings/Startup_Code/startup.o
 .debug_macro   0x000092f7      0x16d ./Project_Settings/Startup_Code/startup.o
 .debug_macro   0x00009464       0x89 ./Project_Settings/Startup_Code/startup.o
 .debug_macro   0x000094ed       0x22 ./Project_Settings/Startup_Code/startup.o
 .debug_macro   0x0000950f       0x10 ./Project_Settings/Startup_Code/startup.o
 .debug_macro   0x0000951f       0x89 ./Project_Settings/Startup_Code/startup.o
 .debug_macro   0x000095a8       0x16 ./Project_Settings/Startup_Code/startup.o
 .debug_macro   0x000095be       0x23 ./Project_Settings/Startup_Code/startup.o
 .debug_macro   0x000095e1       0xb7 ./Generated_Code/AD1.o
 .debug_macro   0x00009698       0xa0 ./Generated_Code/AD1.o
 .debug_macro   0x00009738      0x1ac ./Generated_Code/AS1.o
 .debug_macro   0x000098e4       0x5f ./Generated_Code/AS1.o
 .debug_macro   0x00009943       0xa7 ./Generated_Code/ASerialLdd1.o
 .debug_macro   0x000099ea       0x25 ./Generated_Code/ASerialLdd1.o
 .debug_macro   0x00009a0f      0x31c ./Generated_Code/ASerialLdd1.o
 .debug_macro   0x00009d2b      0x853 ./Generated_Code/ASerialLdd1.o
 .debug_macro   0x0000a57e       0xa2 ./Generated_Code/AdcLdd1.o
 .debug_macro   0x0000a620       0x88 ./Generated_Code/BitIoLdd1.o
 .debug_macro   0x0000a6a8       0x88 ./Generated_Code/BitIoLdd2.o
 .debug_macro   0x0000a730      0x137 ./Generated_Code/Cpu.o
 .debug_macro   0x0000a867      0x103 ./Generated_Code/PE_LDD.o
 .debug_macro   0x0000a96a      0x13c ./Generated_Code/Vectors.o
 .debug_macro   0x0000aaa6       0x70 ./Generated_Code/WAIT1.o
 .debug_macro   0x0000ab16       0x30 ./Generated_Code/WAIT1.o

.debug_line     0x00000000     0x2727
 .debug_line    0x00000000      0x2f6 ./Sources/Events.o
 .debug_line    0x000002f6      0x2fa ./Sources/main.o
 .debug_line    0x000005f0      0x32e ./Project_Settings/Startup_Code/startup.o
 .debug_line    0x0000091e      0x293 ./Generated_Code/AD1.o
 .debug_line    0x00000bb1      0x55e ./Generated_Code/AS1.o
 .debug_line    0x0000110f      0x308 ./Generated_Code/ASerialLdd1.o
 .debug_line    0x00001417      0x2b7 ./Generated_Code/AdcLdd1.o
 .debug_line    0x000016ce      0x240 ./Generated_Code/BitIoLdd1.o
 .debug_line    0x0000190e      0x240 ./Generated_Code/BitIoLdd2.o
 .debug_line    0x00001b4e      0x3f0 ./Generated_Code/Cpu.o
 .debug_line    0x00001f3e      0x295 ./Generated_Code/PE_LDD.o
 .debug_line    0x000021d3      0x37c ./Generated_Code/Vectors.o
 .debug_line    0x0000254f      0x1d8 ./Generated_Code/WAIT1.o

.debug_str      0x00000000    0x3c9ba
 .debug_str     0x00000000    0x30185 ./Sources/Events.o
                              0x30561 (size before relaxing)
 .debug_str     0x00030185       0xd3 ./Sources/main.o
                              0x305dd (size before relaxing)
 .debug_str     0x00030258     0x1d67 ./Project_Settings/Startup_Code/startup.o
                               0x409c (size before relaxing)
 .debug_str     0x00031fbf      0x150 ./Generated_Code/AD1.o
                              0x2f3e9 (size before relaxing)
 .debug_str     0x0003210f      0x322 ./Generated_Code/AS1.o
                              0x30883 (size before relaxing)
 .debug_str     0x00032431     0x9dc0 ./Generated_Code/ASerialLdd1.o
                              0x345f8 (size before relaxing)
 .debug_str     0x0003c1f1      0x2b0 ./Generated_Code/AdcLdd1.o
                              0x2f6ae (size before relaxing)
 .debug_str     0x0003c4a1       0xe4 ./Generated_Code/BitIoLdd1.o
                              0x2b0cc (size before relaxing)
 .debug_str     0x0003c585       0xa0 ./Generated_Code/BitIoLdd2.o
                              0x2b0cc (size before relaxing)
 .debug_str     0x0003c625      0x19c ./Generated_Code/Cpu.o
                              0x30807 (size before relaxing)
 .debug_str     0x0003c7c1      0x177 ./Generated_Code/PE_LDD.o
                              0x306bb (size before relaxing)
 .debug_str     0x0003c938       0x1c ./Generated_Code/Vectors.o
                              0x30558 (size before relaxing)
 .debug_str     0x0003c954       0x66 ./Generated_Code/WAIT1.o
                              0x2a3c3 (size before relaxing)

.debug_frame    0x00000000      0x9ac
 .debug_frame   0x00000000       0xb8 ./Sources/Events.o
 .debug_frame   0x000000b8       0x50 ./Sources/main.o
 .debug_frame   0x00000108      0x120 ./Project_Settings/Startup_Code/startup.o
 .debug_frame   0x00000228       0xe0 ./Generated_Code/AD1.o
 .debug_frame   0x00000308      0x1c4 ./Generated_Code/AS1.o
 .debug_frame   0x000004cc       0xf8 ./Generated_Code/ASerialLdd1.o
 .debug_frame   0x000005c4      0x110 ./Generated_Code/AdcLdd1.o
 .debug_frame   0x000006d4       0xb0 ./Generated_Code/BitIoLdd1.o
 .debug_frame   0x00000784       0xb0 ./Generated_Code/BitIoLdd2.o
 .debug_frame   0x00000834       0x80 ./Generated_Code/Cpu.o
 .debug_frame   0x000008b4       0x6c ./Generated_Code/PE_LDD.o
 .debug_frame   0x00000920       0x8c ./Generated_Code/WAIT1.o
